unique_ids,v_gene,d_gene,j_gene,fv_insertion,vd_insertion,dj_insertion,jf_insertion,v_5p_del,v_3p_del,d_5p_del,d_3p_del,j_5p_del,j_3p_del,logprob,seqs,v_per_gene_support,d_per_gene_support,j_per_gene_support,errors
2505732031017111968:8746024070198857930,IGHV3-33*03,IGHD3-10*01,IGHJ4*02,,,G,,0,0,3,12,0,0,-276.15,CAGGTGCAGCTGGTGGAGTCCGGGGGAGCCGTGGTCCAGTTTGGGAGGTGCTTGAGACTCTCCTGTGCAGCGTCTGGATCCACTTCCAGTAGTTATGGCATGCACTGGGTCCGTCAGGCTCCAGGCAAGGGGCTGGAGTGGGTAGCAGTTATATGGTATGATCGAAGTAATGAATACTATGCAGACTCCGTGAGGGGCCGATTCATCGTCTCCGGGGATAACTCCAATAACACGGTGTATCTGCAAATGAACAGCCTGAGAATAGAGGACACGGCTGTTTATTACTGTGCGAAGGATTACTATGGTTGGGGGGACTCCTTTGACTACTGGGGCCTGGGAACAGTGGTCACCGTCTCCTCAG:CAGGTGCTGCTGGTGGAGTCTGGGGGAGCCGTGGTCCAGCCTGGCAGGTCCCTGAGACTCTCTTGTGCAGCGTCAGGATTCACCTTCAGTAGCTATGGCATGCATCGCGTCCGCCAGGCACCAGACAAGGGGCTGGAGTGGGTGGCAGTTATATGGAATGATGGAAGTAATAAATACTATGGGGACTCCATGAAGGGCCCATTCACCATCTCCAGTGACAACCCCAAGAACACGCTGTATGTGTAAATGACCAGCCTGAGACCCGACGACACGGCTATAAATTACTGTGTGAAAGATTTCTGTTGGTCGGGGGACTCCTTTGATTACTGGGGCCAGGGAACACGGGTTACCGTCTCCTCAG,IGHV3-33*03;-208.515201:IGHV3-33*01;-246.692790:IGHV3-33*06;-266.152160,IGHD3-10*01;-20.906952:IGHD3-10*02;-24.844137:IGHD3-3*01;-25.884074:IGHD3-16*02;-26.598683:IGHD2-8*02;-29.245855:IGHD3-16*01;-31.174194,IGHJ4*02;-35.588737:IGHJ4*01;-63.536641,
2505732031017111968:8746024070198857930,IGHV3-33*06,IGHD3-10*01,IGHJ3*02,,,,,0,2,1,12,1,0,-1065.03,CAGGTGCAGCTGGTGGAGTCCGGGGGAGCCGTGGTCCAGTTTGGGAGGTGCTTGAGACTCTCCTGTGCAGCGTCTGGATCCACTTCCAGTAGTTATGGCATGCACTGGGTCCGTCAGGCTCCAGGCAAGGGGCTGGAGTGGGTAGCAGTTATATGGTATGATCGAAGTAATGAATACTATGCAGACTCCGTGAGGGGCCGATTCATCGTCTCCGGGGATAACTCCAATAACACGGTGTATCTGCAAATGAACAGCCTGAGAATAGAGGACACGGCTGTTTATTACTGTGCGAAGGATTACTATGGTTGGGGGGACTCCTTTGACTACTGGGGCCTGGGAACAGTGGTCACCGTCTCCTCAG:TCCGGAGGTGAGGTGAAGAAGCCTAGGGGCTCAGTGAAGGTCTCCTGCGTGGCTTCTGGTTACACCTTTACCAGCTACTATATGCACTGGGTGTGACAGGCCCCTGAACAAGGGCTTGAGTGGATGGGATGGATCAGCGCTTACAATGGTAACACAAACTACCCACAGAAGCTCCAGGGCAGAGTCACCATGACCAGAGACACATCCACGAGCACACCGTACATGGAGATGAGCAGCCTGACATCTGGCGACAGGGGCATGTATTATTGTGGGAGAGCCCGGCATTACTATGGATCGGCGAATCTAGCGACTGCTGCCTTTGGAGACTGGGGCCAAGGGACCATGGTCACCGTCTCTTCAG,IGHV3-33*06;-936.032538:IGHV3-33*03;-938.778443:IGHV3-33*01;-944.595865:IGHV1/OR15-2*03;-1180.640936:IGHV1/OR15-2*02;-1186.599611:IGHV1/OR15-2*01;-1188.934986,IGHD3-10*01;-35.495911:IGHD3-22*01;-36.082153:IGHD3-10*02;-39.539988:IGHD3-3*01;-39.716760:IGHD2-8*02;-40.832254:IGHD3-16*01;-41.107497:IGHD3-16*02;-42.206809:IGHD4/OR15-4b*01;-46.029188,IGHJ3*02;-34.572504:IGHJ3*01;-35.823247:IGHJ4*02;-38.245639:IGHJ4*01;-47.313900,
