unique_ids,logprob,errors
2505732031017111968:8746024070198857930,-275.174,
2505732031017111968:8746024070198857930,-1062.98,
