unique_ids,v_gene,d_gene,j_gene,fv_insertion,vd_insertion,dj_insertion,jf_insertion,v_5p_del,v_3p_del,d_5p_del,d_3p_del,j_5p_del,j_3p_del,logprob,seqs,v_per_gene_support,d_per_gene_support,j_per_gene_support,errors
2505732031017111968,IGHV3-33*03,IGHD3-10*01,IGHJ4*02,,,G,,0,0,3,12,0,0,-136.599,CAGGTGCAGCTGGTGGAGTCCGGGGGAGCCGTGGTCCAGTTTGGGAGGTGCTTGAGACTCTCCTGTGCAGCGTCTGGATCCACTTCCAGTAGTTATGGCATGCACTGGGTCCGTCAGGCTCCAGGCAAGGGGCTGGAGTGGGTAGCAGTTATATGGTATGATCGAAGTAATGAATACTATGCAGACTCCGTGAGGGGCCGATTCATCGTCTCCGGGGATAACTCCAATAACACGGTGTATCTGCAAATGAACAGCCTGAGAATAGAGGACACGGCTGTTTATTACTGTGCGAAGGATTACTATGGTTGGGGGGACTCCTTTGACTACTGGGGCCTGGGAACAGTGGTCACCGTCTCCTCAG,IGHV3-33*03;-102.065922:IGHV3-33*01;-126.956484:IGHV3-33*06;-137.968554,IGHD3-10*01;-12.748272:IGHD3-10*02;-14.359385:IGHD3-3*01;-16.532424:IGHD3-16*02;-19.643116:IGHD3-16*01;-22.281461:IGHD2-8*02;-22.598270,IGHJ4*02;-17.176367:IGHJ4*01;-36.132073,
8450808367783801721,IGHV1/OR15-2*03,IGHD3-10*01,IGHJ3*01,,CCCG,CTAGCGAC,,0,1,0,9,0,0,-180.195,CAGGTGCAGCTGATCCAATCCGGAGGTGAGGTGAAGAAGCCTAGGGGCTCAGTGAAGGTCTCCTGCGTGGCTTCTGGTTACACCTTTACCAGCTACTATATGCACTGGGTGTGACAGGCCCCTGAACAAGGGCTTGAGTGGATGGGATGGATCAGCGCTTACAATGGTAACACAAACTACCCACAGAAGCTCCAGGGCAGAGTCACCATGACCAGAGACACATCCACGAGCACACCGTACATGGAGATGAGCAGCCTGACATCTGGCGACAGGGGCATGTATTATTGTGGGAGAGCCCGGCATTACTATGGATCGGCGAATCTAGCGACTGCTGCCTTTGGAGACTGGGGCCAAGGGACCATGGTCACCGTCTCTTCAG,IGHV1/OR15-2*03;-111.923918:IGHV1/OR15-2*02;-122.553343:IGHV1/OR15-2*01;-122.553343,IGHD3-10*01;-18.861810:IGHD3-22*01;-19.332982:IGHD3-10*02;-21.234750:IGHD4/OR15-4b*01;-26.395216:IGHD3-16*02;-27.345926:IGHD3-16*01;-29.583534,IGHJ3*01;-29.727298:IGHJ3*02;-29.812589,
