unique_ids,logprob,errors
2505732031017111968:8746024070198857930:-7232971543070296358,-1902.07,
2505732031017111968:8746024070198857930:-897819495470283092,-401.718,
